{
  "version": "1.5.0",
  "plugins_used": [
    {
      "name": "ArtifactoryDetector"
    },
    {
      "name": "AWSKeyDetector"
    },
    {
      "name": "AzureStorageKeyDetector"
    },
    {
      "name": "Base64HighEntropyString",
      "limit": 4.5
    },
    {
      "name": "BasicAuthDetector"
    },
    {
      "name": "CloudantDetector"
    },
    {
      "name": "DiscordBotTokenDetector"
    },
    {
      "name": "GitHubTokenDetector"
    },
    {
      "name": "GitLabTokenDetector"
    },
    {
      "name": "HexHighEntropyString",
      "limit": 3.0
    },
    {
      "name": "IbmCloudIamDetector"
    },
    {
      "name": "IbmCosHmacDetector"
    },
    {
      "name": "IPPublicDetector"
    },
    {
      "name": "JwtTokenDetector"
    },
    {
      "name": "KeywordDetector",
      "keyword_exclude": ""
    },
    {
      "name": "MailchimpDetector"
    },
    {
      "name": "NpmDetector"
    },
    {
      "name": "OpenAIDetector"
    },
    {
      "name": "PrivateKeyDetector"
    },
    {
      "name": "PypiTokenDetector"
    },
    {
      "name": "SendGridDetector"
    },
    {
      "name": "SlackDetector"
    },
    {
      "name": "SoftlayerDetector"
    },
    {
      "name": "SquareOAuthDetector"
    },
    {
      "name": "StripeDetector"
    },
    {
      "name": "TelegramBotTokenDetector"
    },
    {
      "name": "TwilioKeyDetector"
    }
  ],
  "filters_used": [
    {
      "path": "detect_secrets.filters.allowlist.is_line_allowlisted"
    },
    {
      "path": "detect_secrets.filters.heuristic.is_indirect_reference"
    },
    {
      "path": "detect_secrets.filters.heuristic.is_likely_id_string"
    },
    {
      "path": "detect_secrets.filters.heuristic.is_lock_file"
    },
    {
      "path": "detect_secrets.filters.heuristic.is_not_alphanumeric_string"
    },
    {
      "path": "detect_secrets.filters.heuristic.is_potential_uuid"
    },
    {
      "path": "detect_secrets.filters.heuristic.is_prefixed_with_dollar_sign"
    },
    {
      "path": "detect_secrets.filters.heuristic.is_sequential_string"
    },
    {
      "path": "detect_secrets.filters.heuristic.is_swagger_file"
    },
    {
      "path": "detect_secrets.filters.heuristic.is_templated_secret"
    }
  ],
  "results": {
    "README.md": [
      {
        "type": "Secret Keyword",
        "filename": "README.md",
        "hashed_secret": "cf4a956e75901c220c0f5fbaec41987fc6177345",
        "is_verified": false,
        "line_number": 54
      }
    ],
    "tests/test_account_matching.py": [
      {
        "type": "Secret Keyword",
        "filename": "tests/test_account_matching.py",
        "hashed_secret": "489dc9596c8b4e9af98e165b1569e84d586f0ddd",
        "is_verified": false,
        "line_number": 129
      },
      {
        "type": "Secret Keyword",
        "filename": "tests/test_account_matching.py",
        "hashed_secret": "ba69a8a80819ba7c09e40f261c2f15dfa019b04e",
        "is_verified": false,
        "line_number": 130
      },
      {
        "type": "Secret Keyword",
        "filename": "tests/test_account_matching.py",
        "hashed_secret": "7fa96ff87771b44934fdba20b1e3f602611eba6c",
        "is_verified": false,
        "line_number": 131
      }
    ],
    "tests/test_api.py": [
      {
        "type": "Secret Keyword",
        "filename": "tests/test_api.py",
        "hashed_secret": "489dc9596c8b4e9af98e165b1569e84d586f0ddd",
        "is_verified": false,
        "line_number": 268
      },
      {
        "type": "Secret Keyword",
        "filename": "tests/test_api.py",
        "hashed_secret": "ba69a8a80819ba7c09e40f261c2f15dfa019b04e",
        "is_verified": false,
        "line_number": 284
      }
    ],
    "tests/test_build_content_briefs_workflow.py": [
      {
        "type": "Secret Keyword",
        "filename": "tests/test_build_content_briefs_workflow.py",
        "hashed_secret": "489dc9596c8b4e9af98e165b1569e84d586f0ddd",
        "is_verified": false,
        "line_number": 86
      }
    ],
    "tests/test_cli.py": [
      {
        "type": "Secret Keyword",
        "filename": "tests/test_cli.py",
        "hashed_secret": "489dc9596c8b4e9af98e165b1569e84d586f0ddd",
        "is_verified": false,
        "line_number": 399
      }
    ],
    "tests/test_codex_wrapper_provider.py": [
      {
        "type": "Secret Keyword",
        "filename": "tests/test_codex_wrapper_provider.py",
        "hashed_secret": "d8fd014c3bbb4406ef06c7cf57f5eba401ebfd9c",
        "is_verified": false,
        "line_number": 31
      }
    ],
    "tests/test_console.py": [
      {
        "type": "Secret Keyword",
        "filename": "tests/test_console.py",
        "hashed_secret": "ba69a8a80819ba7c09e40f261c2f15dfa019b04e",
        "is_verified": false,
        "line_number": 930
      },
      {
        "type": "Secret Keyword",
        "filename": "tests/test_console.py",
        "hashed_secret": "3ff7cf9d64e22d2e4ae812377818b061a660ef45",
        "is_verified": false,
        "line_number": 1415
      },
      {
        "type": "Secret Keyword",
        "filename": "tests/test_console.py",
        "hashed_secret": "489dc9596c8b4e9af98e165b1569e84d586f0ddd",
        "is_verified": false,
        "line_number": 1470
      }
    ],
    "tests/test_content_brief_builder.py": [
      {
        "type": "Secret Keyword",
        "filename": "tests/test_content_brief_builder.py",
        "hashed_secret": "489dc9596c8b4e9af98e165b1569e84d586f0ddd",
        "is_verified": false,
        "line_number": 23
      }
    ],
    "tests/test_draft_validation.py": [
      {
        "type": "Secret Keyword",
        "filename": "tests/test_draft_validation.py",
        "hashed_secret": "489dc9596c8b4e9af98e165b1569e84d586f0ddd",
        "is_verified": false,
        "line_number": 25
      },
      {
        "type": "Secret Keyword",
        "filename": "tests/test_draft_validation.py",
        "hashed_secret": "ba69a8a80819ba7c09e40f261c2f15dfa019b04e",
        "is_verified": false,
        "line_number": 133
      }
    ],
    "tests/test_env.py": [
      {
        "type": "Secret Keyword",
        "filename": "tests/test_env.py",
        "hashed_secret": "3acfb2c2b433c0ea7ff107e33df91b18e52f960f",
        "is_verified": false,
        "line_number": 28
      }
    ],
    "tests/test_generate_drafts_workflow.py": [
      {
        "type": "Secret Keyword",
        "filename": "tests/test_generate_drafts_workflow.py",
        "hashed_secret": "489dc9596c8b4e9af98e165b1569e84d586f0ddd",
        "is_verified": false,
        "line_number": 107
      }
    ],
    "tests/test_metadata_generator.py": [
      {
        "type": "Secret Keyword",
        "filename": "tests/test_metadata_generator.py",
        "hashed_secret": "03a789f8151f2bddf88cad66a5b09b75cd0810be",
        "is_verified": false,
        "line_number": 500
      },
      {
        "type": "Secret Keyword",
        "filename": "tests/test_metadata_generator.py",
        "hashed_secret": "de4db3f4564224b50084e8d629de476a739e5779",
        "is_verified": false,
        "line_number": 510
      }
    ],
    "tests/test_openai_llm_provider.py": [
      {
        "type": "Secret Keyword",
        "filename": "tests/test_openai_llm_provider.py",
        "hashed_secret": "e9a5f12a8ecbb3eb46eca5096b5c52aa5e7c9fdd",
        "is_verified": false,
        "line_number": 30
      },
      {
        "type": "Secret Keyword",
        "filename": "tests/test_openai_llm_provider.py",
        "hashed_secret": "d8fd014c3bbb4406ef06c7cf57f5eba401ebfd9c",
        "is_verified": false,
        "line_number": 168
      }
    ],
    "tests/test_operations.py": [
      {
        "type": "Basic Auth Credentials",
        "filename": "tests/test_operations.py",
        "hashed_secret": "4ea8d2335b430796cf3f500368c5b0f5b1dc90f5",
        "is_verified": false,
        "line_number": 18
      }
    ],
    "tests/test_phase6_config_routing.py": [
      {
        "type": "Secret Keyword",
        "filename": "tests/test_phase6_config_routing.py",
        "hashed_secret": "a022de4a00e7998ae897308ffaaf884fabb9ee1f",
        "is_verified": false,
        "line_number": 235
      },
      {
        "type": "Secret Keyword",
        "filename": "tests/test_phase6_config_routing.py",
        "hashed_secret": "54bdff596103cb0f4da9985600bf2d84600b2398",
        "is_verified": false,
        "line_number": 284
      },
      {
        "type": "Secret Keyword",
        "filename": "tests/test_phase6_config_routing.py",
        "hashed_secret": "03f37f0fe365c0788c4e943eaf9138d92dabb8c7",
        "is_verified": false,
        "line_number": 331
      },
      {
        "type": "Secret Keyword",
        "filename": "tests/test_phase6_config_routing.py",
        "hashed_secret": "750e9d26016d0f9bd6784addfd749798f3abdf62",
        "is_verified": false,
        "line_number": 351
      },
      {
        "type": "Secret Keyword",
        "filename": "tests/test_phase6_config_routing.py",
        "hashed_secret": "e9a5f12a8ecbb3eb46eca5096b5c52aa5e7c9fdd",
        "is_verified": false,
        "line_number": 600
      },
      {
        "type": "Secret Keyword",
        "filename": "tests/test_phase6_config_routing.py",
        "hashed_secret": "bb3be8e9392f90cd6fdd90f9ffc3cc40e2d6b670",
        "is_verified": false,
        "line_number": 627
      },
      {
        "type": "Secret Keyword",
        "filename": "tests/test_phase6_config_routing.py",
        "hashed_secret": "2e7c0ad0bddb3492f64f28dc8709e4f52c432ad7",
        "is_verified": false,
        "line_number": 654
      },
      {
        "type": "Secret Keyword",
        "filename": "tests/test_phase6_config_routing.py",
        "hashed_secret": "fe72967536aedcae9b1b1e4eaf2c53494e17a638",
        "is_verified": false,
        "line_number": 674
      }
    ],
    "tests/test_prompt_renderer.py": [
      {
        "type": "Secret Keyword",
        "filename": "tests/test_prompt_renderer.py",
        "hashed_secret": "489dc9596c8b4e9af98e165b1569e84d586f0ddd",
        "is_verified": false,
        "line_number": 22
      }
    ],
    "tests/test_review_queue_workflow.py": [
      {
        "type": "Secret Keyword",
        "filename": "tests/test_review_queue_workflow.py",
        "hashed_secret": "489dc9596c8b4e9af98e165b1569e84d586f0ddd",
        "is_verified": false,
        "line_number": 85
      }
    ],
    "tests/test_scheduler.py": [
      {
        "type": "Secret Keyword",
        "filename": "tests/test_scheduler.py",
        "hashed_secret": "489dc9596c8b4e9af98e165b1569e84d586f0ddd",
        "is_verified": false,
        "line_number": 67
      },
      {
        "type": "Secret Keyword",
        "filename": "tests/test_scheduler.py",
        "hashed_secret": "ba69a8a80819ba7c09e40f261c2f15dfa019b04e",
        "is_verified": false,
        "line_number": 109
      }
    ],
    "tests/test_scripts.py": [
      {
        "type": "Secret Keyword",
        "filename": "tests/test_scripts.py",
        "hashed_secret": "489dc9596c8b4e9af98e165b1569e84d586f0ddd",
        "is_verified": false,
        "line_number": 384
      }
    ],
    "tests/test_source_connectors.py": [
      {
        "type": "Basic Auth Credentials",
        "filename": "tests/test_source_connectors.py",
        "hashed_secret": "e5e9fa1ba31ecd1ae84f75caaa474f3a663f05f4",
        "is_verified": false,
        "line_number": 44
      }
    ],
    "tests/test_storage.py": [
      {
        "type": "Secret Keyword",
        "filename": "tests/test_storage.py",
        "hashed_secret": "489dc9596c8b4e9af98e165b1569e84d586f0ddd",
        "is_verified": false,
        "line_number": 597
      },
      {
        "type": "Secret Keyword",
        "filename": "tests/test_storage.py",
        "hashed_secret": "ba69a8a80819ba7c09e40f261c2f15dfa019b04e",
        "is_verified": false,
        "line_number": 940
      }
    ],
    "tests/test_threads_publisher.py": [
      {
        "type": "Secret Keyword",
        "filename": "tests/test_threads_publisher.py",
        "hashed_secret": "489dc9596c8b4e9af98e165b1569e84d586f0ddd",
        "is_verified": false,
        "line_number": 381
      }
    ],
    "tests/test_x_draft_generator.py": [
      {
        "type": "Secret Keyword",
        "filename": "tests/test_x_draft_generator.py",
        "hashed_secret": "489dc9596c8b4e9af98e165b1569e84d586f0ddd",
        "is_verified": false,
        "line_number": 124
      },
      {
        "type": "Secret Keyword",
        "filename": "tests/test_x_draft_generator.py",
        "hashed_secret": "b68a9960fa0eb768d66a637d3f2d6d36b4d30eab",
        "is_verified": false,
        "line_number": 175
      }
    ],
    "tests/test_x_publisher.py": [
      {
        "type": "Secret Keyword",
        "filename": "tests/test_x_publisher.py",
        "hashed_secret": "bd0658b838694c0fbc33819fad258c011c2eeff7",
        "is_verified": false,
        "line_number": 121
      },
      {
        "type": "Secret Keyword",
        "filename": "tests/test_x_publisher.py",
        "hashed_secret": "0919dcc5a2a4389105df888577f7926ec692e591",
        "is_verified": false,
        "line_number": 122
      },
      {
        "type": "Secret Keyword",
        "filename": "tests/test_x_publisher.py",
        "hashed_secret": "489dc9596c8b4e9af98e165b1569e84d586f0ddd",
        "is_verified": false,
        "line_number": 249
      }
    ]
  },
  "generated_at": "2026-04-17T05:22:40Z"
}
